<nav>
    <ul>
include _link.html
include _link.html
include _link.html
    </ul>
</nav>
